Archive member included to satisfy reference by file (symbol)

c:/ac6/systemworkbench/plugins/fr.ac6.mcu.externaltools.arm-none.win32_1.16.0.201807130628/tools/compiler/bin/../lib/gcc/arm-none-eabi/7.2.1/thumb/v7-m\libgcc.a(_arm_addsubsf3.o)
                              src/main.o (__aeabi_i2f)
c:/ac6/systemworkbench/plugins/fr.ac6.mcu.externaltools.arm-none.win32_1.16.0.201807130628/tools/compiler/bin/../lib/gcc/arm-none-eabi/7.2.1/thumb/v7-m\libgcc.a(_arm_muldivsf3.o)
                              src/main.o (__aeabi_fmul)
c:/ac6/systemworkbench/plugins/fr.ac6.mcu.externaltools.arm-none.win32_1.16.0.201807130628/tools/compiler/bin/../lib/gcc/arm-none-eabi/7.2.1/thumb/v7-m\libgcc.a(_arm_fixsfsi.o)
                              src/main.o (__aeabi_f2iz)
c:/ac6/systemworkbench/plugins/fr.ac6.mcu.externaltools.arm-none.win32_1.16.0.201807130628/tools/compiler/bin/../lib/gcc/arm-none-eabi/7.2.1/../../../../arm-none-eabi/lib/thumb/v7-m\libc.a(lib_a-errno.o)
                              src/syscalls.o (__errno)
c:/ac6/systemworkbench/plugins/fr.ac6.mcu.externaltools.arm-none.win32_1.16.0.201807130628/tools/compiler/bin/../lib/gcc/arm-none-eabi/7.2.1/../../../../arm-none-eabi/lib/thumb/v7-m\libc.a(lib_a-exit.o)
                              c:/ac6/systemworkbench/plugins/fr.ac6.mcu.externaltools.arm-none.win32_1.16.0.201807130628/tools/compiler/bin/../lib/gcc/arm-none-eabi/7.2.1/../../../../arm-none-eabi/lib/thumb/v7-m/crt0.o (exit)
c:/ac6/systemworkbench/plugins/fr.ac6.mcu.externaltools.arm-none.win32_1.16.0.201807130628/tools/compiler/bin/../lib/gcc/arm-none-eabi/7.2.1/../../../../arm-none-eabi/lib/thumb/v7-m\libc.a(lib_a-impure.o)
                              c:/ac6/systemworkbench/plugins/fr.ac6.mcu.externaltools.arm-none.win32_1.16.0.201807130628/tools/compiler/bin/../lib/gcc/arm-none-eabi/7.2.1/../../../../arm-none-eabi/lib/thumb/v7-m\libc.a(lib_a-exit.o) (_global_impure_ptr)
c:/ac6/systemworkbench/plugins/fr.ac6.mcu.externaltools.arm-none.win32_1.16.0.201807130628/tools/compiler/bin/../lib/gcc/arm-none-eabi/7.2.1/../../../../arm-none-eabi/lib/thumb/v7-m\libc.a(lib_a-init.o)
                              c:/ac6/systemworkbench/plugins/fr.ac6.mcu.externaltools.arm-none.win32_1.16.0.201807130628/tools/compiler/bin/../lib/gcc/arm-none-eabi/7.2.1/../../../../arm-none-eabi/lib/thumb/v7-m/crt0.o (__libc_init_array)
c:/ac6/systemworkbench/plugins/fr.ac6.mcu.externaltools.arm-none.win32_1.16.0.201807130628/tools/compiler/bin/../lib/gcc/arm-none-eabi/7.2.1/../../../../arm-none-eabi/lib/thumb/v7-m\libc.a(lib_a-memset.o)
                              c:/ac6/systemworkbench/plugins/fr.ac6.mcu.externaltools.arm-none.win32_1.16.0.201807130628/tools/compiler/bin/../lib/gcc/arm-none-eabi/7.2.1/../../../../arm-none-eabi/lib/thumb/v7-m/crt0.o (memset)
c:/ac6/systemworkbench/plugins/fr.ac6.mcu.externaltools.arm-none.win32_1.16.0.201807130628/tools/compiler/bin/../lib/gcc/arm-none-eabi/7.2.1/../../../../arm-none-eabi/lib/thumb/v7-m\libc.a(lib_a-strlen-stub.o)
                              src/main.o (strlen)
c:/ac6/systemworkbench/plugins/fr.ac6.mcu.externaltools.arm-none.win32_1.16.0.201807130628/tools/compiler/bin/../lib/gcc/arm-none-eabi/7.2.1/../../../../arm-none-eabi/lib/thumb/v7-m\libc.a(lib_a-__call_atexit.o)
                              c:/ac6/systemworkbench/plugins/fr.ac6.mcu.externaltools.arm-none.win32_1.16.0.201807130628/tools/compiler/bin/../lib/gcc/arm-none-eabi/7.2.1/../../../../arm-none-eabi/lib/thumb/v7-m\libc.a(lib_a-exit.o) (__call_exitprocs)
c:/ac6/systemworkbench/plugins/fr.ac6.mcu.externaltools.arm-none.win32_1.16.0.201807130628/tools/compiler/bin/../lib/gcc/arm-none-eabi/7.2.1/../../../../arm-none-eabi/lib/thumb/v7-m\libc.a(lib_a-atexit.o)
                              c:/ac6/systemworkbench/plugins/fr.ac6.mcu.externaltools.arm-none.win32_1.16.0.201807130628/tools/compiler/bin/../lib/gcc/arm-none-eabi/7.2.1/../../../../arm-none-eabi/lib/thumb/v7-m\libc.a(lib_a-__call_atexit.o) (atexit)
c:/ac6/systemworkbench/plugins/fr.ac6.mcu.externaltools.arm-none.win32_1.16.0.201807130628/tools/compiler/bin/../lib/gcc/arm-none-eabi/7.2.1/../../../../arm-none-eabi/lib/thumb/v7-m\libc.a(lib_a-fini.o)
                              c:/ac6/systemworkbench/plugins/fr.ac6.mcu.externaltools.arm-none.win32_1.16.0.201807130628/tools/compiler/bin/../lib/gcc/arm-none-eabi/7.2.1/../../../../arm-none-eabi/lib/thumb/v7-m\libc.a(lib_a-__call_atexit.o) (__libc_fini_array)
c:/ac6/systemworkbench/plugins/fr.ac6.mcu.externaltools.arm-none.win32_1.16.0.201807130628/tools/compiler/bin/../lib/gcc/arm-none-eabi/7.2.1/../../../../arm-none-eabi/lib/thumb/v7-m\libc.a(lib_a-lock.o)
                              c:/ac6/systemworkbench/plugins/fr.ac6.mcu.externaltools.arm-none.win32_1.16.0.201807130628/tools/compiler/bin/../lib/gcc/arm-none-eabi/7.2.1/../../../../arm-none-eabi/lib/thumb/v7-m\libc.a(lib_a-__call_atexit.o) (__retarget_lock_acquire_recursive)
[...]
Memory Configuration

Name             Origin             Length             Attributes
RAM              0x20000000         0x00005000         xrw
ROM              0x08000000         0x00010000         xr
*default*        0x00000000         0xffffffff

Linker script and memory map

LOAD c:/ac6/systemworkbench/plugins/fr.ac6.mcu.externaltools.arm-none.win32_1.16.0.201807130628/tools/compiler/bin/../lib/gcc/arm-none-eabi/7.2.1/thumb/v7-m/crti.o
LOAD c:/ac6/systemworkbench/plugins/fr.ac6.mcu.externaltools.arm-none.win32_1.16.0.201807130628/tools/compiler/bin/../lib/gcc/arm-none-eabi/7.2.1/thumb/v7-m/crtbegin.o
LOAD c:/ac6/systemworkbench/plugins/fr.ac6.mcu.externaltools.arm-none.win32_1.16.0.201807130628/tools/compiler/bin/../lib/gcc/arm-none-eabi/7.2.1/../../../../arm-none-eabi/lib/thumb/v7-m/crt0.o
LOAD HAL_Driver/Src/stm32f1xx_hal.o
LOAD HAL_Driver/Src/stm32f1xx_hal_adc.o
LOAD HAL_Driver/Src/stm32f1xx_hal_adc_ex.o
LOAD HAL_Driver/Src/stm32f1xx_hal_can.o
LOAD HAL_Driver/Src/stm32f1xx_hal_cec.o
LOAD HAL_Driver/Src/stm32f1xx_hal_cortex.o
LOAD HAL_Driver/Src/stm32f1xx_hal_crc.o
LOAD HAL_Driver/Src/stm32f1xx_hal_dac.o
LOAD HAL_Driver/Src/stm32f1xx_hal_dac_ex.o
LOAD HAL_Driver/Src/stm32f1xx_hal_dma.o
LOAD HAL_Driver/Src/stm32f1xx_hal_eth.o
LOAD HAL_Driver/Src/stm32f1xx_hal_flash.o
LOAD HAL_Driver/Src/stm32f1xx_hal_flash_ex.o
LOAD HAL_Driver/Src/stm32f1xx_hal_gpio.o
LOAD HAL_Driver/Src/stm32f1xx_hal_gpio_ex.o
LOAD HAL_Driver/Src/stm32f1xx_hal_hcd.o
LOAD HAL_Driver/Src/stm32f1xx_hal_i2c.o
LOAD HAL_Driver/Src/stm32f1xx_hal_i2s.o
LOAD HAL_Driver/Src/stm32f1xx_hal_irda.o
LOAD HAL_Driver/Src/stm32f1xx_hal_iwdg.o
LOAD HAL_Driver/Src/stm32f1xx_hal_mmc.o
LOAD HAL_Driver/Src/stm32f1xx_hal_msp_template.o
LOAD HAL_Driver/Src/stm32f1xx_hal_nand.o
LOAD HAL_Driver/Src/stm32f1xx_hal_nor.o
LOAD HAL_Driver/Src/stm32f1xx_hal_pccard.o
LOAD HAL_Driver/Src/stm32f1xx_hal_pcd.o
LOAD HAL_Driver/Src/stm32f1xx_hal_pcd_ex.o
LOAD HAL_Driver/Src/stm32f1xx_hal_pwr.o
LOAD HAL_Driver/Src/stm32f1xx_hal_rcc.o
LOAD HAL_Driver/Src/stm32f1xx_hal_rcc_ex.o
LOAD HAL_Driver/Src/stm32f1xx_hal_rtc.o
LOAD HAL_Driver/Src/stm32f1xx_hal_rtc_ex.o
LOAD HAL_Driver/Src/stm32f1xx_hal_sd.o
LOAD HAL_Driver/Src/stm32f1xx_hal_smartcard.o
LOAD HAL_Driver/Src/stm32f1xx_hal_spi.o
LOAD HAL_Driver/Src/stm32f1xx_hal_spi_ex.o
LOAD HAL_Driver/Src/stm32f1xx_hal_sram.o
LOAD HAL_Driver/Src/stm32f1xx_hal_tim.o
LOAD HAL_Driver/Src/stm32f1xx_hal_tim_ex.o
LOAD HAL_Driver/Src/stm32f1xx_hal_uart.o
LOAD HAL_Driver/Src/stm32f1xx_hal_usart.o
LOAD HAL_Driver/Src/stm32f1xx_hal_wwdg.o
LOAD HAL_Driver/Src/stm32f1xx_ll_adc.o
LOAD HAL_Driver/Src/stm32f1xx_ll_crc.o
LOAD HAL_Driver/Src/stm32f1xx_ll_dac.o
LOAD HAL_Driver/Src/stm32f1xx_ll_dma.o
LOAD HAL_Driver/Src/stm32f1xx_ll_exti.o
LOAD HAL_Driver/Src/stm32f1xx_ll_fsmc.o
LOAD HAL_Driver/Src/stm32f1xx_ll_gpio.o
LOAD HAL_Driver/Src/stm32f1xx_ll_i2c.o
LOAD HAL_Driver/Src/stm32f1xx_ll_pwr.o
LOAD HAL_Driver/Src/stm32f1xx_ll_rcc.o
LOAD HAL_Driver/Src/stm32f1xx_ll_rtc.o
LOAD HAL_Driver/Src/stm32f1xx_ll_sdmmc.o
LOAD HAL_Driver/Src/stm32f1xx_ll_spi.o
LOAD HAL_Driver/Src/stm32f1xx_ll_tim.o
LOAD HAL_Driver/Src/stm32f1xx_ll_usart.o
LOAD HAL_Driver/Src/stm32f1xx_ll_usb.o
LOAD HAL_Driver/Src/stm32f1xx_ll_utils.o
LOAD src/adc.o
LOAD src/clocks.o
LOAD src/dma.o
LOAD src/errors.o
LOAD src/main.o
LOAD src/stm32f1xx_it.o
LOAD src/syscalls.o
LOAD src/system_stm32f1xx.o
LOAD src/uart.o
LOAD startup/startup_stm32.o
LOAD c:/ac6/systemworkbench/plugins/fr.ac6.mcu.externaltools.arm-none.win32_1.16.0.201807130628/tools/compiler/bin/../lib/gcc/arm-none-eabi/7.2.1/../../../../arm-none-eabi/lib/thumb/v7-m\libm.a
START GROUP
LOAD c:/ac6/systemworkbench/plugins/fr.ac6.mcu.externaltools.arm-none.win32_1.16.0.201807130628/tools/compiler/bin/../lib/gcc/arm-none-eabi/7.2.1/thumb/v7-m\libgcc.a
LOAD c:/ac6/systemworkbench/plugins/fr.ac6.mcu.externaltools.arm-none.win32_1.16.0.201807130628/tools/compiler/bin/../lib/gcc/arm-none-eabi/7.2.1/../../../../arm-none-eabi/lib/thumb/v7-m\libc.a
END GROUP
LOAD c:/ac6/systemworkbench/plugins/fr.ac6.mcu.externaltools.arm-none.win32_1.16.0.201807130628/tools/compiler/bin/../lib/gcc/arm-none-eabi/7.2.1/thumb/v7-m/crtend.o
LOAD c:/ac6/systemworkbench/plugins/fr.ac6.mcu.externaltools.arm-none.win32_1.16.0.201807130628/tools/compiler/bin/../lib/gcc/arm-none-eabi/7.2.1/thumb/v7-m/crtn.o
                0x20005000                _estack = 0x20005000
                0x00000000                _Min_Heap_Size = 0x0
                0x00000400                _Min_Stack_Size = 0x400

.isr_vector     0x08000000      0x130
                0x08000000                . = ALIGN (0x4)
 *(.isr_vector)
 .isr_vector    0x08000000      0x130 startup/startup_stm32.o
                0x08000000                g_pfnVectors
                0x08000130                . = ALIGN (0x4)

.text           0x08000130     0x346c
                0x08000130                . = ALIGN (0x4)
 *(.text)
 .text          0x08000130       0x40 c:/ac6/systemworkbench/plugins/fr.ac6.mcu.externaltools.arm-none.win32_1.16.0.201807130628/tools/compiler/bin/../lib/gcc/arm-none-eabi/7.2.1/thumb/v7-m/crtbegin.o
 .text          0x08000170      0x21c c:/ac6/systemworkbench/plugins/fr.ac6.mcu.externaltools.arm-none.win32_1.16.0.201807130628/tools/compiler/bin/../lib/gcc/arm-none-eabi/7.2.1/thumb/v7-m\libgcc.a(_arm_addsubsf3.o)
                0x08000170                __aeabi_frsub
                0x08000178                __subsf3
                0x08000178                __aeabi_fsub
                0x0800017c                __aeabi_fadd
                0x0800017c                __addsf3
                0x080002dc                __aeabi_ui2f
                0x080002dc                __floatunsisf
                0x080002e4                __aeabi_i2f
                0x080002e4                __floatsisf
                0x08000300                __aeabi_ul2f
                0x08000300                __floatundisf
                0x08000310                __aeabi_l2f
                0x08000310                __floatdisf
 .text          0x0800038c      0x2a0 c:/ac6/systemworkbench/plugins/fr.ac6.mcu.externaltools.arm-none.win32_1.16.0.201807130628/tools/compiler/bin/../lib/gcc/arm-none-eabi/7.2.1/thumb/v7-m\libgcc.a(_arm_muldivsf3.o)
                0x0800038c                __mulsf3
                0x0800038c                __aeabi_fmul
                0x080004f4                __aeabi_fdiv
                0x080004f4                __divsf3
 .text          0x0800062c       0x4c c:/ac6/systemworkbench/plugins/fr.ac6.mcu.externaltools.arm-none.win32_1.16.0.201807130628/tools/compiler/bin/../lib/gcc/arm-none-eabi/7.2.1/thumb/v7-m\libgcc.a(_arm_fixsfsi.o)
                0x0800062c                __aeabi_f2iz
                0x0800062c                __fixsfsi
 *(.text*)
 .text.HAL_Init
                0x08000678       0x2c HAL_Driver/Src/stm32f1xx_hal.o
                0x08000678                HAL_Init
 .text.HAL_InitTick
                0x080006a4       0x60 HAL_Driver/Src/stm32f1xx_hal.o
                0x080006a4                HAL_InitTick
 .text.HAL_IncTick
                0x08000704       0x24 HAL_Driver/Src/stm32f1xx_hal.o
                0x08000704                HAL_IncTick
 .text.HAL_GetTick
                0x08000728       0x14 HAL_Driver/Src/stm32f1xx_hal.o
                0x08000728                HAL_GetTick
 .text.HAL_Delay
                0x0800073c       0x44 HAL_Driver/Src/stm32f1xx_hal.o
                0x0800073c                HAL_Delay
 .text.HAL_ADC_Init
                0x08000780      0x1b0 HAL_Driver/Src/stm32f1xx_hal_adc.o
                0x08000780                HAL_ADC_Init
 .text.HAL_ADC_MspInit
                0x08000930       0x12 HAL_Driver/Src/stm32f1xx_hal_adc.o
                0x08000930                HAL_ADC_MspInit
 *fill*         0x08000942        0x2 
 .text.HAL_ADC_Start_DMA
                0x08000944      0x1bc HAL_Driver/Src/stm32f1xx_hal_adc.o
                0x08000944                HAL_ADC_Start_DMA
 .text.HAL_ADC_ConvCpltCallback
                0x08000b00       0x12 HAL_Driver/Src/stm32f1xx_hal_adc.o
                0x08000b00                HAL_ADC_ConvCpltCallback
 .text.HAL_ADC_ConvHalfCpltCallback
                0x08000b12       0x12 HAL_Driver/Src/stm32f1xx_hal_adc.o
                0x08000b12                HAL_ADC_ConvHalfCpltCallback
 .text.HAL_ADC_ErrorCallback
                0x08000b24       0x12 HAL_Driver/Src/stm32f1xx_hal_adc.o
                0x08000b24                HAL_ADC_ErrorCallback
 *fill*         0x08000b36        0x2 
 .text.HAL_ADC_ConfigChannel
                0x08000b38      0x1f0 HAL_Driver/Src/stm32f1xx_hal_adc.o
                0x08000b38                HAL_ADC_ConfigChannel
 .text.ADC_Enable
                0x08000d28       0xa4 HAL_Driver/Src/stm32f1xx_hal_adc.o
                0x08000d28                ADC_Enable
 .text.ADC_ConversionStop_Disable
                0x08000dcc       0x74 HAL_Driver/Src/stm32f1xx_hal_adc.o
                0x08000dcc                ADC_ConversionStop_Disable
 .text.ADC_DMAConvCplt
                0x08000e40       0x7c HAL_Driver/Src/stm32f1xx_hal_adc.o
                0x08000e40                ADC_DMAConvCplt
 .text.ADC_DMAHalfConvCplt
                0x08000ebc       0x1c HAL_Driver/Src/stm32f1xx_hal_adc.o
                0x08000ebc                ADC_DMAHalfConvCplt
 .text.ADC_DMAError
                0x08000ed8       0x34 HAL_Driver/Src/stm32f1xx_hal_adc.o
                0x08000ed8                ADC_DMAError
 .text.HAL_ADCEx_Calibration_Start
                0x08000f0c      0x138 HAL_Driver/Src/stm32f1xx_hal_adc_ex.o
                0x08000f0c                HAL_ADCEx_Calibration_Start
 .text.NVIC_SetPriorityGrouping
                0x08001044       0x48 HAL_Driver/Src/stm32f1xx_hal_cortex.o
 .text.NVIC_GetPriorityGrouping
                0x0800108c       0x1c HAL_Driver/Src/stm32f1xx_hal_cortex.o
 .text.NVIC_SetPriority
                0x080010a8       0x54 HAL_Driver/Src/stm32f1xx_hal_cortex.o
 .text.NVIC_EncodePriority
                0x080010fc       0x64 HAL_Driver/Src/stm32f1xx_hal_cortex.o
 .text.SysTick_Config
                0x08001160       0x44 HAL_Driver/Src/stm32f1xx_hal_cortex.o
 .text.HAL_NVIC_SetPriorityGrouping
                0x080011a4       0x16 HAL_Driver/Src/stm32f1xx_hal_cortex.o
                0x080011a4                HAL_NVIC_SetPriorityGrouping
 .text.HAL_NVIC_SetPriority
                0x080011ba       0x38 HAL_Driver/Src/stm32f1xx_hal_cortex.o
                0x080011ba                HAL_NVIC_SetPriority
 .text.HAL_SYSTICK_Config
                0x080011f2       0x18 HAL_Driver/Src/stm32f1xx_hal_cortex.o
                0x080011f2                HAL_SYSTICK_Config
 *fill*         0x0800120a        0x2 
 .text.HAL_SYSTICK_CLKSourceConfig
                0x0800120c       0x38 HAL_Driver/Src/stm32f1xx_hal_cortex.o
                0x0800120c                HAL_SYSTICK_CLKSourceConfig
 .text.HAL_SYSTICK_IRQHandler
                0x08001244        0xc HAL_Driver/Src/stm32f1xx_hal_cortex.o
                0x08001244                HAL_SYSTICK_IRQHandler
 .text.HAL_SYSTICK_Callback
                0x08001250        0xc HAL_Driver/Src/stm32f1xx_hal_cortex.o
                0x08001250                HAL_SYSTICK_Callback
 .text.HAL_DMA_Init
                0x0800125c       0xcc HAL_Driver/Src/stm32f1xx_hal_dma.o
                0x0800125c                HAL_DMA_Init
 .text.HAL_DMA_Start_IT
                0x08001328       0xbe HAL_Driver/Src/stm32f1xx_hal_dma.o
                0x08001328                HAL_DMA_Start_IT
 *fill*         0x080013e6        0x2 
 .text.HAL_DMA_PollForTransfer
                0x080013e8      0x30c HAL_Driver/Src/stm32f1xx_hal_dma.o
                0x080013e8                HAL_DMA_PollForTransfer
 .text.DMA_SetConfig
                0x080016f4       0x5a HAL_Driver/Src/stm32f1xx_hal_dma.o
 *fill*         0x0800174e        0x2 
 .text.HAL_GPIO_Init
                0x08001750      0x2bc HAL_Driver/Src/stm32f1xx_hal_gpio.o
                0x08001750                HAL_GPIO_Init
 .text.HAL_GPIO_WritePin
                0x08001a0c       0x30 HAL_Driver/Src/stm32f1xx_hal_gpio.o
                0x08001a0c                HAL_GPIO_WritePin
 .text.HAL_GPIO_TogglePin
                0x08001a3c       0x22 HAL_Driver/Src/stm32f1xx_hal_gpio.o
                0x08001a3c                HAL_GPIO_TogglePin
 .text.HAL_MspInit
                0x08001a5e        0xc HAL_Driver/Src/stm32f1xx_hal_msp_template.o
                0x08001a5e                HAL_MspInit
 *fill*         0x08001a6a        0x2 
 .text.HAL_RCC_OscConfig
                0x08001a6c      0x4c8 HAL_Driver/Src/stm32f1xx_hal_rcc.o
                0x08001a6c                HAL_RCC_OscConfig
 .text.HAL_RCC_ClockConfig
                0x08001f34      0x1e8 HAL_Driver/Src/stm32f1xx_hal_rcc.o
                0x08001f34                HAL_RCC_ClockConfig
 .text.HAL_RCC_GetSysClockFreq
                0x0800211c       0xc4 HAL_Driver/Src/stm32f1xx_hal_rcc.o
                0x0800211c                HAL_RCC_GetSysClockFreq
 .text.HAL_RCC_GetHCLKFreq
                0x080021e0       0x14 HAL_Driver/Src/stm32f1xx_hal_rcc.o
                0x080021e0                HAL_RCC_GetHCLKFreq
 .text.HAL_RCC_GetPCLK1Freq
                0x080021f4       0x28 HAL_Driver/Src/stm32f1xx_hal_rcc.o
                0x080021f4                HAL_RCC_GetPCLK1Freq
 .text.HAL_RCC_GetPCLK2Freq
                0x0800221c       0x28 HAL_Driver/Src/stm32f1xx_hal_rcc.o
                0x0800221c                HAL_RCC_GetPCLK2Freq
 .text.RCC_Delay
                0x08002244       0x3c HAL_Driver/Src/stm32f1xx_hal_rcc.o
 .text.HAL_RCCEx_PeriphCLKConfig
                0x08002280      0x16c HAL_Driver/Src/stm32f1xx_hal_rcc_ex.o
                0x08002280                HAL_RCCEx_PeriphCLKConfig
 .text.HAL_RCCEx_GetPeriphCLKFreq
                0x080023ec      0x180 HAL_Driver/Src/stm32f1xx_hal_rcc_ex.o
                0x080023ec                HAL_RCCEx_GetPeriphCLKFreq
 .text.HAL_UART_Init
                0x0800256c       0x9a HAL_Driver/Src/stm32f1xx_hal_uart.o
                0x0800256c                HAL_UART_Init
 .text.HAL_UART_MspInit
                0x08002606       0x12 HAL_Driver/Src/stm32f1xx_hal_uart.o
                0x08002606                HAL_UART_MspInit
 .text.HAL_UART_Transmit
                0x08002618      0x132 HAL_Driver/Src/stm32f1xx_hal_uart.o
                0x08002618                HAL_UART_Transmit
 .text.UART_WaitOnFlagUntilTimeout
                0x0800274a       0x94 HAL_Driver/Src/stm32f1xx_hal_uart.o
 *fill*         0x080027de        0x2 
 .text.UART_SetConfig
                0x080027e0      0x230 HAL_Driver/Src/stm32f1xx_hal_uart.o
 .text.InitADC  0x08002a10       0xd0 src/adc.o
                0x08002a10                InitADC
 .text.ConfigureADCDMA
                0x08002ae0       0x70 src/adc.o
                0x08002ae0                ConfigureADCDMA
 .text.CaptureADC
                0x08002b50       0x20 src/adc.o
                0x08002b50                CaptureADC
 .text.ConfigSystemClock
                0x08002b70       0xc8 src/clocks.o
                0x08002b70                ConfigSystemClock
 .text.InitDMA  0x08002c38       0x2c src/dma.o
                0x08002c38                InitDMA
 .text.FP_Error_Handler
                0x08002c64       0xa8 src/errors.o
                0x08002c64                FP_Error_Handler
 .text.main     0x08002d0c      0x220 src/main.o
                0x08002d0c                main
 .text.trigger  0x08002f2c       0x66 src/main.o
                0x08002f2c                trigger
 *fill*         0x08002f92        0x2 
 .text.PeriodToString
                0x08002f94      0x144 src/main.o
                0x08002f94                PeriodToString
 .text.VppToString
                0x080030d8      0x158 src/main.o
                0x080030d8                VppToString
 .text.SysTick_Handler
                0x08003230       0x10 src/stm32f1xx_it.o
                0x08003230                SysTick_Handler
 .text.SystemInit
                0x08003240       0x68 src/system_stm32f1xx.o
                0x08003240                SystemInit
 .text.InitUART
                0x080032a8       0xc8 src/uart.o
                0x080032a8                InitUART
 .text.Reset_Handler
                0x08003370       0x50 startup/startup_stm32.o
                0x08003370                Reset_Handler
 .text.Default_Handler
                0x080033c0        0x2 startup/startup_stm32.o
                0x080033c0                EXTI2_IRQHandler
                0x080033c0                TIM8_TRG_COM_IRQHandler
                0x080033c0                TIM8_CC_IRQHandler
                0x080033c0                DebugMon_Handler
                0x080033c0                TIM1_CC_IRQHandler
                0x080033c0                HardFault_Handler
                0x080033c0                TIM6_IRQHandler
                0x080033c0                PVD_IRQHandler
                0x080033c0                SDIO_IRQHandler
                0x080033c0                PendSV_Handler
                0x080033c0                NMI_Handler
                0x080033c0                EXTI3_IRQHandler
                0x080033c0                USB_HP_CAN_TX_IRQHandler
                0x080033c0                EXTI0_IRQHandler
                0x080033c0                I2C2_EV_IRQHandler
                0x080033c0                UsageFault_Handler
                0x080033c0                ADC1_2_IRQHandler
                0x080033c0                SPI1_IRQHandler
                0x080033c0                CAN_SCE_IRQHandler
                0x080033c0                TAMPER_IRQHandler
                0x080033c0                TIM8_UP_IRQHandler
                0x080033c0                DMA2_Channel2_IRQHandler
                0x080033c0                DMA1_Channel4_IRQHandler
                0x080033c0                USART3_IRQHandler
                0x080033c0                RTC_IRQHandler
                0x080033c0                DMA1_Channel7_IRQHandler
                0x080033c0                UART5_IRQHandler
                0x080033c0                ADC3_IRQHandler
                0x080033c0                TIM4_IRQHandler
                0x080033c0                CAN_RX1_IRQHandler
                0x080033c0                DMA2_Channel1_IRQHandler
                0x080033c0                I2C1_EV_IRQHandler
                0x080033c0                DMA1_Channel6_IRQHandler
                0x080033c0                UART4_IRQHandler
                0x080033c0                TIM3_IRQHandler
                0x080033c0                RCC_IRQHandler
                0x080033c0                TIM1_TRG_COM_IRQHandler
                0x080033c0                DMA1_Channel1_IRQHandler
                0x080033c0                Default_Handler
                0x080033c0                EXTI15_10_IRQHandler
                0x080033c0                TIM7_IRQHandler
                0x080033c0                TIM5_IRQHandler
                0x080033c0                EXTI9_5_IRQHandler
                0x080033c0                SPI2_IRQHandler
                0x080033c0                USB_LP_CAN_RX0_IRQHandler
                0x080033c0                MemManage_Handler
                0x080033c0                SVC_Handler
                0x080033c0                DMA1_Channel5_IRQHandler
                0x080033c0                EXTI4_IRQHandler
                0x080033c0                DMA1_Channel3_IRQHandler
                0x080033c0                FSMC_IRQHandler
                0x080033c0                TIM1_UP_IRQHandler
                0x080033c0                WWDG_IRQHandler
                0x080033c0                TIM2_IRQHandler
                0x080033c0                TIM1_BRK_IRQHandler
                0x080033c0                EXTI1_IRQHandler
                0x080033c0                RTCAlarm_IRQHandler
                0x080033c0                DMA2_Channel4_5_IRQHandler
                0x080033c0                USART2_IRQHandler
                0x080033c0                I2C2_ER_IRQHandler
                0x080033c0                DMA1_Channel2_IRQHandler
                0x080033c0                TIM8_BRK_IRQHandler
                0x080033c0                FLASH_IRQHandler
                0x080033c0                BusFault_Handler
                0x080033c0                USART1_IRQHandler
                0x080033c0                SPI3_IRQHandler
                0x080033c0                I2C1_ER_IRQHandler
                0x080033c0                DMA2_Channel3_IRQHandler
 *fill*         0x080033c2        0x2 
 .text.__libc_init_array
                0x080033c4       0x48 c:/ac6/systemworkbench/plugins/fr.ac6.mcu.externaltools.arm-none.win32_1.16.0.201807130628/tools/compiler/bin/../lib/gcc/arm-none-eabi/7.2.1/../../../../arm-none-eabi/lib/thumb/v7-m\libc.a(lib_a-init.o)
                0x080033c4                __libc_init_array
 .text.strlen   0x0800340c       0x5c c:/ac6/systemworkbench/plugins/fr.ac6.mcu.externaltools.arm-none.win32_1.16.0.201807130628/tools/compiler/bin/../lib/gcc/arm-none-eabi/7.2.1/../../../../arm-none-eabi/lib/thumb/v7-m\libc.a(lib_a-strlen-stub.o)
                0x0800340c                strlen
 .text.startup.register_fini
                0x08003468       0x14 c:/ac6/systemworkbench/plugins/fr.ac6.mcu.externaltools.arm-none.win32_1.16.0.201807130628/tools/compiler/bin/../lib/gcc/arm-none-eabi/7.2.1/../../../../arm-none-eabi/lib/thumb/v7-m\libc.a(lib_a-__call_atexit.o)
 .text.atexit   0x0800347c        0xc c:/ac6/systemworkbench/plugins/fr.ac6.mcu.externaltools.arm-none.win32_1.16.0.201807130628/tools/compiler/bin/../lib/gcc/arm-none-eabi/7.2.1/../../../../arm-none-eabi/lib/thumb/v7-m\libc.a(lib_a-atexit.o)
                0x0800347c                atexit
 .text.__libc_fini_array
                0x08003488       0x34 c:/ac6/systemworkbench/plugins/fr.ac6.mcu.externaltools.arm-none.win32_1.16.0.201807130628/tools/compiler/bin/../lib/gcc/arm-none-eabi/7.2.1/../../../../arm-none-eabi/lib/thumb/v7-m\libc.a(lib_a-fini.o)
                0x08003488                __libc_fini_array
 .text.__retarget_lock_acquire_recursive
                0x080034bc        0x4 c:/ac6/systemworkbench/plugins/fr.ac6.mcu.externaltools.arm-none.win32_1.16.0.201807130628/tools/compiler/bin/../lib/gcc/arm-none-eabi/7.2.1/../../../../arm-none-eabi/lib/thumb/v7-m\libc.a(lib_a-lock.o)
                0x080034bc                __retarget_lock_acquire_recursive
 .text.__retarget_lock_release_recursive
                0x080034c0        0x4 c:/ac6/systemworkbench/plugins/fr.ac6.mcu.externaltools.arm-none.win32_1.16.0.201807130628/tools/compiler/bin/../lib/gcc/arm-none-eabi/7.2.1/../../../../arm-none-eabi/lib/thumb/v7-m\libc.a(lib_a-lock.o)
                0x080034c0                __retarget_lock_release_recursive
 .text.__register_exitproc
                0x080034c4       0xc0 c:/ac6/systemworkbench/plugins/fr.ac6.mcu.externaltools.arm-none.win32_1.16.0.201807130628/tools/compiler/bin/../lib/gcc/arm-none-eabi/7.2.1/../../../../arm-none-eabi/lib/thumb/v7-m\libc.a(lib_a-__atexit.o)
                0x080034c4                __register_exitproc
 *(.glue_7)
 .glue_7        0x08003584        0x0 linker stubs
 *(.glue_7t)
 .glue_7t       0x08003584        0x0 linker stubs
 *(.eh_frame)
 .eh_frame      0x08003584        0x0 c:/ac6/systemworkbench/plugins/fr.ac6.mcu.externaltools.arm-none.win32_1.16.0.201807130628/tools/compiler/bin/../lib/gcc/arm-none-eabi/7.2.1/thumb/v7-m/crtbegin.o
 *(.init)
 .init          0x08003584        0x4 c:/ac6/systemworkbench/plugins/fr.ac6.mcu.externaltools.arm-none.win32_1.16.0.201807130628/tools/compiler/bin/../lib/gcc/arm-none-eabi/7.2.1/thumb/v7-m/crti.o
                0x08003584                _init
 .init          0x08003588        0x8 c:/ac6/systemworkbench/plugins/fr.ac6.mcu.externaltools.arm-none.win32_1.16.0.201807130628/tools/compiler/bin/../lib/gcc/arm-none-eabi/7.2.1/thumb/v7-m/crtn.o
 *(.fini)
 .fini          0x08003590        0x4 c:/ac6/systemworkbench/plugins/fr.ac6.mcu.externaltools.arm-none.win32_1.16.0.201807130628/tools/compiler/bin/../lib/gcc/arm-none-eabi/7.2.1/thumb/v7-m/crti.o
                0x08003590                _fini
 .fini          0x08003594        0x8 c:/ac6/systemworkbench/plugins/fr.ac6.mcu.externaltools.arm-none.win32_1.16.0.201807130628/tools/compiler/bin/../lib/gcc/arm-none-eabi/7.2.1/thumb/v7-m/crtn.o
                0x0800359c                . = ALIGN (0x4)
                0x0800359c                _etext = .

.vfp11_veneer   0x0800359c        0x0
 .vfp11_veneer  0x0800359c        0x0 linker stubs

.v4_bx          0x0800359c        0x0
 .v4_bx         0x0800359c        0x0 linker stubs

.iplt           0x0800359c        0x0
 .iplt          0x0800359c        0x0 c:/ac6/systemworkbench/plugins/fr.ac6.mcu.externaltools.arm-none.win32_1.16.0.201807130628/tools/compiler/bin/../lib/gcc/arm-none-eabi/7.2.1/thumb/v7-m/crtbegin.o

.rodata         0x0800359c       0x74
                0x0800359c                . = ALIGN (0x4)
 *(.rodata)
 .rodata        0x0800359c       0x12 HAL_Driver/Src/stm32f1xx_hal_rcc.o
 *fill*         0x080035ae        0x2 
 .rodata        0x080035b0       0x12 HAL_Driver/Src/stm32f1xx_hal_rcc_ex.o
 *fill*         0x080035c2        0x2 
 .rodata        0x080035c4        0xd src/adc.o
 *fill*         0x080035d1        0x3 
 .rodata        0x080035d4       0x10 src/clocks.o
 .rodata        0x080035e4       0x18 src/system_stm32f1xx.o
                0x080035e4                AHBPrescTable
                0x080035f4                APBPrescTable
 .rodata        0x080035fc        0xe src/uart.o
 *(.rodata*)
 *fill*         0x0800360a        0x2 
 .rodata._global_impure_ptr
                0x0800360c        0x4 c:/ac6/systemworkbench/plugins/fr.ac6.mcu.externaltools.arm-none.win32_1.16.0.201807130628/tools/compiler/bin/../lib/gcc/arm-none-eabi/7.2.1/../../../../arm-none-eabi/lib/thumb/v7-m\libc.a(lib_a-impure.o)
                0x0800360c                _global_impure_ptr
                0x08003610                . = ALIGN (0x4)

.rel.dyn        0x08003610        0x0
 .rel.iplt      0x08003610        0x0 c:/ac6/systemworkbench/plugins/fr.ac6.mcu.externaltools.arm-none.win32_1.16.0.201807130628/tools/compiler/bin/../lib/gcc/arm-none-eabi/7.2.1/thumb/v7-m/crtbegin.o

.ARM.extab      0x08003610        0x0
                0x08003610                . = ALIGN (0x4)
 *(.ARM.extab* .gnu.linkonce.armextab.*)
                0x08003610                . = ALIGN (0x4)

.ARM            0x08003610        0x0
                0x08003610                . = ALIGN (0x4)
                0x08003610                __exidx_start = .
 *(.ARM.exidx*)
                0x08003610                __exidx_end = .
                0x08003610                . = ALIGN (0x4)

.preinit_array  0x08003610        0x0
                0x08003610                . = ALIGN (0x4)
                0x08003610                PROVIDE (__preinit_array_start, .)
 *(.preinit_array*)
                0x08003610                PROVIDE (__preinit_array_end, .)
                0x08003610                . = ALIGN (0x4)

.init_array     0x08003610        0x8
                0x08003610                . = ALIGN (0x4)
                0x08003610                PROVIDE (__init_array_start, .)
 *(SORT_BY_NAME(.init_array.*))
 .init_array.00000
                0x08003610        0x4 c:/ac6/systemworkbench/plugins/fr.ac6.mcu.externaltools.arm-none.win32_1.16.0.201807130628/tools/compiler/bin/../lib/gcc/arm-none-eabi/7.2.1/../../../../arm-none-eabi/lib/thumb/v7-m\libc.a(lib_a-__call_atexit.o)
 *(.init_array*)
 .init_array    0x08003614        0x4 c:/ac6/systemworkbench/plugins/fr.ac6.mcu.externaltools.arm-none.win32_1.16.0.201807130628/tools/compiler/bin/../lib/gcc/arm-none-eabi/7.2.1/thumb/v7-m/crtbegin.o
                0x08003618                PROVIDE (__init_array_end, .)
                0x08003618                . = ALIGN (0x4)

.fini_array     0x08003618        0x4
                0x08003618                . = ALIGN (0x4)
                0x08003618                PROVIDE (__fini_array_start, .)
 *(SORT_BY_NAME(.fini_array.*))
 *(.fini_array*)
 .fini_array    0x08003618        0x4 c:/ac6/systemworkbench/plugins/fr.ac6.mcu.externaltools.arm-none.win32_1.16.0.201807130628/tools/compiler/bin/../lib/gcc/arm-none-eabi/7.2.1/thumb/v7-m/crtbegin.o
                0x0800361c                PROVIDE (__fini_array_end, .)
                0x0800361c                . = ALIGN (0x4)
                0x0800361c                _sidata = LOADADDR (.data)

.data           0x20000000      0x43c load address 0x0800361c
                0x20000000                . = ALIGN (0x4)
                0x20000000                _sdata = .
 *(.data)
 .data          0x20000000        0x5 HAL_Driver/Src/stm32f1xx_hal.o
                0x20000000                uwTickPrio
                0x20000004                uwTickFreq
 *fill*         0x20000005        0x3 
 .data          0x20000008        0x4 src/system_stm32f1xx.o
                0x20000008                SystemCoreClock
 *(.data*)
 *fill*         0x2000000c        0x4 
 .data.impure_data
                0x20000010      0x428 c:/ac6/systemworkbench/plugins/fr.ac6.mcu.externaltools.arm-none.win32_1.16.0.201807130628/tools/compiler/bin/../lib/gcc/arm-none-eabi/7.2.1/../../../../arm-none-eabi/lib/thumb/v7-m\libc.a(lib_a-impure.o)
 .data.__atexit_recursive_mutex
                0x20000438        0x4 c:/ac6/systemworkbench/plugins/fr.ac6.mcu.externaltools.arm-none.win32_1.16.0.201807130628/tools/compiler/bin/../lib/gcc/arm-none-eabi/7.2.1/../../../../arm-none-eabi/lib/thumb/v7-m\libc.a(lib_a-__call_atexit.o)
                0x20000438                __atexit_recursive_mutex
                0x2000043c                . = ALIGN (0x4)
                0x2000043c                _edata = .

.igot.plt       0x2000043c        0x0 load address 0x08003a58
 .igot.plt      0x2000043c        0x0 c:/ac6/systemworkbench/plugins/fr.ac6.mcu.externaltools.arm-none.win32_1.16.0.201807130628/tools/compiler/bin/../lib/gcc/arm-none-eabi/7.2.1/thumb/v7-m/crtbegin.o
                0x2000043c                . = ALIGN (0x4)

.bss            0x2000043c     0x2fd8 load address 0x08003a58
                0x2000043c                _sbss = .
                0x2000043c                __bss_start__ = _sbss
 *(.bss)
 .bss           0x2000043c       0x1c c:/ac6/systemworkbench/plugins/fr.ac6.mcu.externaltools.arm-none.win32_1.16.0.201807130628/tools/compiler/bin/../lib/gcc/arm-none-eabi/7.2.1/thumb/v7-m/crtbegin.o
 *(.bss*)
 *(COMMON)
 COMMON         0x20000458        0x4 HAL_Driver/Src/stm32f1xx_hal.o
                0x20000458                uwTick
 COMMON         0x2000045c       0x30 src/adc.o
                0x2000045c                adc1
 COMMON         0x2000048c       0x44 src/dma.o
                0x2000048c                dma_adc1
 COMMON         0x200004d0     0x2ee0 src/main.o
                0x200004d0                dmabuf
                0x20001470                avgbuf
 COMMON         0x200033b0       0x40 src/uart.o
                0x200033b0                uart2
 COMMON         0x200033f0       0x21 c:/ac6/systemworkbench/plugins/fr.ac6.mcu.externaltools.arm-none.win32_1.16.0.201807130628/tools/compiler/bin/../lib/gcc/arm-none-eabi/7.2.1/../../../../arm-none-eabi/lib/thumb/v7-m\libc.a(lib_a-lock.o)
                0x200033f0                __lock___atexit_recursive_mutex
                0x200033f4                __lock___arc4random_mutex
                0x200033f8                __lock___env_recursive_mutex
                0x200033fc                __lock___sinit_recursive_mutex
                0x20003400                __lock___malloc_recursive_mutex
                0x20003404                __lock___at_quick_exit_mutex
                0x20003408                __lock___dd_hash_mutex
                0x2000340c                __lock___tz_mutex
                0x20003410                __lock___sfp_recursive_mutex
                0x20003414                . = ALIGN (0x4)
 *fill*         0x20003411        0x3 
                0x20003414                _ebss = .
                0x20003414                __bss_end__ = _ebss

._user_heap_stack
                0x20003414      0x404 load address 0x08003a58
                0x20003418                . = ALIGN (0x8)
 *fill*         0x20003414        0x4 
                0x20003418                PROVIDE (end, .)
                [!provide]                PROVIDE (_end, .)
                0x20003418                . = (. + _Min_Heap_Size)
                0x20003818                . = (. + _Min_Stack_Size)
 *fill*         0x20003418      0x400 
                0x20003818                . = ALIGN (0x8)

/DISCARD/
 libc.a(*)
 libm.a(*)
 libgcc.a(*)

.ARM.attributes
                0x00000000       0x29
 *(.ARM.attributes)
 .ARM.attributes
                0x00000000       0x1d c:/ac6/systemworkbench/plugins/fr.ac6.mcu.externaltools.arm-none.win32_1.16.0.201807130628/tools/compiler/bin/../lib/gcc/arm-none-eabi/7.2.1/thumb/v7-m/crti.o
 .ARM.attributes
                0x0000001d       0x2d c:/ac6/systemworkbench/plugins/fr.ac6.mcu.externaltools.arm-none.win32_1.16.0.201807130628/tools/compiler/bin/../lib/gcc/arm-none-eabi/7.2.1/thumb/v7-m/crtbegin.o
 .ARM.attributes
                0x0000004a       0x33 HAL_Driver/Src/stm32f1xx_hal.o
 .ARM.attributes
                0x0000007d       0x33 HAL_Driver/Src/stm32f1xx_hal_adc.o
 .ARM.attributes
                0x000000b0       0x33 HAL_Driver/Src/stm32f1xx_hal_adc_ex.o
 .ARM.attributes
                0x000000e3       0x33 HAL_Driver/Src/stm32f1xx_hal_cortex.o
 .ARM.attributes
                0x00000116       0x33 HAL_Driver/Src/stm32f1xx_hal_dma.o
 .ARM.attributes
                0x00000149       0x33 HAL_Driver/Src/stm32f1xx_hal_gpio.o
 .ARM.attributes
                0x0000017c       0x33 HAL_Driver/Src/stm32f1xx_hal_msp_template.o
 .ARM.attributes
                0x000001af       0x33 HAL_Driver/Src/stm32f1xx_hal_rcc.o
 .ARM.attributes
                0x000001e2       0x33 HAL_Driver/Src/stm32f1xx_hal_rcc_ex.o
 .ARM.attributes
                0x00000215       0x33 HAL_Driver/Src/stm32f1xx_hal_uart.o
 .ARM.attributes
                0x00000248       0x33 src/adc.o
 .ARM.attributes
                0x0000027b       0x33 src/clocks.o
 .ARM.attributes
                0x000002ae       0x33 src/dma.o
 .ARM.attributes
                0x000002e1       0x33 src/errors.o
 .ARM.attributes
                0x00000314       0x33 src/main.o
 .ARM.attributes
                0x00000347       0x33 src/stm32f1xx_it.o
 .ARM.attributes
                0x0000037a       0x33 src/system_stm32f1xx.o
 .ARM.attributes
                0x000003ad       0x33 src/uart.o
 .ARM.attributes
                0x000003e0       0x21 startup/startup_stm32.o
 .ARM.attributes
                0x00000401       0x1d c:/ac6/systemworkbench/plugins/fr.ac6.mcu.externaltools.arm-none.win32_1.16.0.201807130628/tools/compiler/bin/../lib/gcc/arm-none-eabi/7.2.1/thumb/v7-m\libgcc.a(_arm_addsubsf3.o)
 .ARM.attributes
                0x0000041e       0x1d c:/ac6/systemworkbench/plugins/fr.ac6.mcu.externaltools.arm-none.win32_1.16.0.201807130628/tools/compiler/bin/../lib/gcc/arm-none-eabi/7.2.1/thumb/v7-m\libgcc.a(_arm_muldivsf3.o)
 .ARM.attributes
                0x0000043b       0x1d c:/ac6/systemworkbench/plugins/fr.ac6.mcu.externaltools.arm-none.win32_1.16.0.201807130628/tools/compiler/bin/../lib/gcc/arm-none-eabi/7.2.1/thumb/v7-m\libgcc.a(_arm_fixsfsi.o)
 .ARM.attributes
                0x00000458       0x2d c:/ac6/systemworkbench/plugins/fr.ac6.mcu.externaltools.arm-none.win32_1.16.0.201807130628/tools/compiler/bin/../lib/gcc/arm-none-eabi/7.2.1/../../../../arm-none-eabi/lib/thumb/v7-m\libc.a(lib_a-impure.o)
 .ARM.attributes
                0x00000485       0x2d c:/ac6/systemworkbench/plugins/fr.ac6.mcu.externaltools.arm-none.win32_1.16.0.201807130628/tools/compiler/bin/../lib/gcc/arm-none-eabi/7.2.1/../../../../arm-none-eabi/lib/thumb/v7-m\libc.a(lib_a-init.o)
 .ARM.attributes
                0x000004b2       0x2d c:/ac6/systemworkbench/plugins/fr.ac6.mcu.externaltools.arm-none.win32_1.16.0.201807130628/tools/compiler/bin/../lib/gcc/arm-none-eabi/7.2.1/../../../../arm-none-eabi/lib/thumb/v7-m\libc.a(lib_a-strlen-stub.o)
 .ARM.attributes
                0x000004df       0x2d c:/ac6/systemworkbench/plugins/fr.ac6.mcu.externaltools.arm-none.win32_1.16.0.201807130628/tools/compiler/bin/../lib/gcc/arm-none-eabi/7.2.1/../../../../arm-none-eabi/lib/thumb/v7-m\libc.a(lib_a-__call_atexit.o)
 .ARM.attributes
                0x0000050c       0x2d c:/ac6/systemworkbench/plugins/fr.ac6.mcu.externaltools.arm-none.win32_1.16.0.201807130628/tools/compiler/bin/../lib/gcc/arm-none-eabi/7.2.1/../../../../arm-none-eabi/lib/thumb/v7-m\libc.a(lib_a-atexit.o)
 .ARM.attributes
                0x00000539       0x2d c:/ac6/systemworkbench/plugins/fr.ac6.mcu.externaltools.arm-none.win32_1.16.0.201807130628/tools/compiler/bin/../lib/gcc/arm-none-eabi/7.2.1/../../../../arm-none-eabi/lib/thumb/v7-m\libc.a(lib_a-fini.o)
 .ARM.attributes
                0x00000566       0x2d c:/ac6/systemworkbench/plugins/fr.ac6.mcu.externaltools.arm-none.win32_1.16.0.201807130628/tools/compiler/bin/../lib/gcc/arm-none-eabi/7.2.1/../../../../arm-none-eabi/lib/thumb/v7-m\libc.a(lib_a-lock.o)
 .ARM.attributes
                0x00000593       0x2d c:/ac6/systemworkbench/plugins/fr.ac6.mcu.externaltools.arm-none.win32_1.16.0.201807130628/tools/compiler/bin/../lib/gcc/arm-none-eabi/7.2.1/../../../../arm-none-eabi/lib/thumb/v7-m\libc.a(lib_a-__atexit.o)
 .ARM.attributes
                0x000005c0       0x1d c:/ac6/systemworkbench/plugins/fr.ac6.mcu.externaltools.arm-none.win32_1.16.0.201807130628/tools/compiler/bin/../lib/gcc/arm-none-eabi/7.2.1/thumb/v7-m/crtn.o
OUTPUT(rekrutacyjny.elf elf32-littlearm)

.debug_info     0x00000000    0x10fcc
 .debug_info    0x00000000      0xefc HAL_Driver/Src/stm32f1xx_hal.o
 .debug_info    0x00000efc     0x142b HAL_Driver/Src/stm32f1xx_hal_adc.o
 .debug_info    0x00002327     0x11c5 HAL_Driver/Src/stm32f1xx_hal_adc_ex.o
 .debug_info    0x000034ec     0x1311 HAL_Driver/Src/stm32f1xx_hal_cortex.o
 .debug_info    0x000047fd      0xf7f HAL_Driver/Src/stm32f1xx_hal_dma.o
 .debug_info    0x0000577c      0xe76 HAL_Driver/Src/stm32f1xx_hal_gpio.o
 .debug_info    0x000065f2      0x980 HAL_Driver/Src/stm32f1xx_hal_msp_template.o
 .debug_info    0x00006f72      0xff2 HAL_Driver/Src/stm32f1xx_hal_rcc.o
 .debug_info    0x00007f64      0xc14 HAL_Driver/Src/stm32f1xx_hal_rcc_ex.o
 .debug_info    0x00008b78     0x19a9 HAL_Driver/Src/stm32f1xx_hal_uart.o
 .debug_info    0x0000a521      0xfb7 src/adc.o
 .debug_info    0x0000b4d8      0xc33 src/clocks.o
 .debug_info    0x0000c10b      0xc16 src/dma.o
 .debug_info    0x0000cd21      0xb41 src/errors.o
 .debug_info    0x0000d862     0x1290 src/main.o
 .debug_info    0x0000eaf2      0x94d src/stm32f1xx_it.o
 .debug_info    0x0000f43f      0xc12 src/system_stm32f1xx.o
 .debug_info    0x00010051      0xf59 src/uart.o
 .debug_info    0x00010faa       0x22 startup/startup_stm32.o

.debug_abbrev   0x00000000     0x2c2c
 .debug_abbrev  0x00000000      0x2e8 HAL_Driver/Src/stm32f1xx_hal.o
 .debug_abbrev  0x000002e8      0x26f HAL_Driver/Src/stm32f1xx_hal_adc.o
 .debug_abbrev  0x00000557      0x28f HAL_Driver/Src/stm32f1xx_hal_adc_ex.o
 .debug_abbrev  0x000007e6      0x396 HAL_Driver/Src/stm32f1xx_hal_cortex.o
 .debug_abbrev  0x00000b7c      0x2a7 HAL_Driver/Src/stm32f1xx_hal_dma.o
 .debug_abbrev  0x00000e23      0x289 HAL_Driver/Src/stm32f1xx_hal_gpio.o
 .debug_abbrev  0x000010ac      0x1b1 HAL_Driver/Src/stm32f1xx_hal_msp_template.o
 .debug_abbrev  0x0000125d      0x323 HAL_Driver/Src/stm32f1xx_hal_rcc.o
 .debug_abbrev  0x00001580      0x260 HAL_Driver/Src/stm32f1xx_hal_rcc_ex.o
 .debug_abbrev  0x000017e0      0x2eb HAL_Driver/Src/stm32f1xx_hal_uart.o
 .debug_abbrev  0x00001acb      0x25e src/adc.o
 .debug_abbrev  0x00001d29      0x1f2 src/clocks.o
 .debug_abbrev  0x00001f1b      0x203 src/dma.o
 .debug_abbrev  0x0000211e      0x21b src/errors.o
 .debug_abbrev  0x00002339      0x2c2 src/main.o
 .debug_abbrev  0x000025fb      0x1b1 src/stm32f1xx_it.o
 .debug_abbrev  0x000027ac      0x228 src/system_stm32f1xx.o
 .debug_abbrev  0x000029d4      0x246 src/uart.o
 .debug_abbrev  0x00002c1a       0x12 startup/startup_stm32.o

.debug_aranges  0x00000000      0x848
 .debug_aranges
                0x00000000       0xd0 HAL_Driver/Src/stm32f1xx_hal.o
 .debug_aranges
                0x000000d0       0xf0 HAL_Driver/Src/stm32f1xx_hal_adc.o
 .debug_aranges
                0x000001c0       0x80 HAL_Driver/Src/stm32f1xx_hal_adc_ex.o
 .debug_aranges
                0x00000240      0x100 HAL_Driver/Src/stm32f1xx_hal_cortex.o
 .debug_aranges
                0x00000340       0x80 HAL_Driver/Src/stm32f1xx_hal_dma.o
 .debug_aranges
                0x000003c0       0x58 HAL_Driver/Src/stm32f1xx_hal_gpio.o
 .debug_aranges
                0x00000418       0x38 HAL_Driver/Src/stm32f1xx_hal_msp_template.o
 .debug_aranges
                0x00000450       0x90 HAL_Driver/Src/stm32f1xx_hal_rcc.o
 .debug_aranges
                0x000004e0       0x30 HAL_Driver/Src/stm32f1xx_hal_rcc_ex.o
 .debug_aranges
                0x00000510      0x1d0 HAL_Driver/Src/stm32f1xx_hal_uart.o
 .debug_aranges
                0x000006e0       0x30 src/adc.o
 .debug_aranges
                0x00000710       0x20 src/clocks.o
 .debug_aranges
                0x00000730       0x20 src/dma.o
 .debug_aranges
                0x00000750       0x20 src/errors.o
 .debug_aranges
                0x00000770       0x40 src/main.o
 .debug_aranges
                0x000007b0       0x20 src/stm32f1xx_it.o
 .debug_aranges
                0x000007d0       0x28 src/system_stm32f1xx.o
 .debug_aranges
                0x000007f8       0x28 src/uart.o
 .debug_aranges
                0x00000820       0x28 startup/startup_stm32.o

.debug_ranges   0x00000000      0x720
 .debug_ranges  0x00000000       0xc0 HAL_Driver/Src/stm32f1xx_hal.o
 .debug_ranges  0x000000c0       0xe0 HAL_Driver/Src/stm32f1xx_hal_adc.o
 .debug_ranges  0x000001a0       0x70 HAL_Driver/Src/stm32f1xx_hal_adc_ex.o
 .debug_ranges  0x00000210       0xf0 HAL_Driver/Src/stm32f1xx_hal_cortex.o
 .debug_ranges  0x00000300       0x70 HAL_Driver/Src/stm32f1xx_hal_dma.o
 .debug_ranges  0x00000370       0x48 HAL_Driver/Src/stm32f1xx_hal_gpio.o
 .debug_ranges  0x000003b8       0x28 HAL_Driver/Src/stm32f1xx_hal_msp_template.o
 .debug_ranges  0x000003e0       0x80 HAL_Driver/Src/stm32f1xx_hal_rcc.o
 .debug_ranges  0x00000460       0x20 HAL_Driver/Src/stm32f1xx_hal_rcc_ex.o
 .debug_ranges  0x00000480      0x1c0 HAL_Driver/Src/stm32f1xx_hal_uart.o
 .debug_ranges  0x00000640       0x20 src/adc.o
 .debug_ranges  0x00000660       0x10 src/clocks.o
 .debug_ranges  0x00000670       0x10 src/dma.o
 .debug_ranges  0x00000680       0x10 src/errors.o
 .debug_ranges  0x00000690       0x30 src/main.o
 .debug_ranges  0x000006c0       0x10 src/stm32f1xx_it.o
 .debug_ranges  0x000006d0       0x18 src/system_stm32f1xx.o
 .debug_ranges  0x000006e8       0x18 src/uart.o
 .debug_ranges  0x00000700       0x20 startup/startup_stm32.o

.debug_macro    0x00000000    0x19bab
 .debug_macro   0x00000000      0x435 HAL_Driver/Src/stm32f1xx_hal.o
 .debug_macro   0x00000435      0xa6c HAL_Driver/Src/stm32f1xx_hal.o
 .debug_macro   0x00000ea1      0x224 HAL_Driver/Src/stm32f1xx_hal.o
 .debug_macro   0x000010c5       0x28 HAL_Driver/Src/stm32f1xx_hal.o
 .debug_macro   0x000010ed       0x22 HAL_Driver/Src/stm32f1xx_hal.o
 .debug_macro   0x0000110f       0x22 HAL_Driver/Src/stm32f1xx_hal.o
 .debug_macro   0x00001131       0x87 HAL_Driver/Src/stm32f1xx_hal.o
 .debug_macro   0x000011b8       0x51 HAL_Driver/Src/stm32f1xx_hal.o
 .debug_macro   0x00001209       0xef HAL_Driver/Src/stm32f1xx_hal.o
 .debug_macro   0x000012f8       0x6a HAL_Driver/Src/stm32f1xx_hal.o
 .debug_macro   0x00001362      0x1df HAL_Driver/Src/stm32f1xx_hal.o
 .debug_macro   0x00001541       0x34 HAL_Driver/Src/stm32f1xx_hal.o
 .debug_macro   0x00001575       0x34 HAL_Driver/Src/stm32f1xx_hal.o
 .debug_macro   0x000015a9      0xb8e HAL_Driver/Src/stm32f1xx_hal.o
 .debug_macro   0x00002137     0xe90a HAL_Driver/Src/stm32f1xx_hal.o
 .debug_macro   0x00010a41       0x43 HAL_Driver/Src/stm32f1xx_hal.o
 .debug_macro   0x00010a84       0x58 HAL_Driver/Src/stm32f1xx_hal.o
 .debug_macro   0x00010adc       0x17 HAL_Driver/Src/stm32f1xx_hal.o
 .debug_macro   0x00010af3       0x35 HAL_Driver/Src/stm32f1xx_hal.o
 .debug_macro   0x00010b28       0x9c HAL_Driver/Src/stm32f1xx_hal.o
 .debug_macro   0x00010bc4       0x16 HAL_Driver/Src/stm32f1xx_hal.o
 .debug_macro   0x00010bda       0x97 HAL_Driver/Src/stm32f1xx_hal.o
 .debug_macro   0x00010c71      0x330 HAL_Driver/Src/stm32f1xx_hal.o
 .debug_macro   0x00010fa1       0xfd HAL_Driver/Src/stm32f1xx_hal.o
 .debug_macro   0x0001109e       0x10 HAL_Driver/Src/stm32f1xx_hal.o
 .debug_macro   0x000110ae       0x58 HAL_Driver/Src/stm32f1xx_hal.o
 .debug_macro   0x00011106       0x1f HAL_Driver/Src/stm32f1xx_hal.o
 .debug_macro   0x00011125       0x43 HAL_Driver/Src/stm32f1xx_hal.o
 .debug_macro   0x00011168       0x20 HAL_Driver/Src/stm32f1xx_hal.o
 .debug_macro   0x00011188      0x18e HAL_Driver/Src/stm32f1xx_hal.o
 .debug_macro   0x00011316       0x10 HAL_Driver/Src/stm32f1xx_hal.o
 .debug_macro   0x00011326       0x1c HAL_Driver/Src/stm32f1xx_hal.o
 .debug_macro   0x00011342       0x52 HAL_Driver/Src/stm32f1xx_hal.o
 .debug_macro   0x00011394       0x40 HAL_Driver/Src/stm32f1xx_hal.o
 .debug_macro   0x000113d4       0x10 HAL_Driver/Src/stm32f1xx_hal.o
 .debug_macro   0x000113e4       0x40 HAL_Driver/Src/stm32f1xx_hal.o
 .debug_macro   0x00011424       0xd7 HAL_Driver/Src/stm32f1xx_hal.o
 .debug_macro   0x000114fb       0x1c HAL_Driver/Src/stm32f1xx_hal.o
 .debug_macro   0x00011517       0x3d HAL_Driver/Src/stm32f1xx_hal.o
 .debug_macro   0x00011554       0x16 HAL_Driver/Src/stm32f1xx_hal.o
 .debug_macro   0x0001156a      0x16f HAL_Driver/Src/stm32f1xx_hal.o
 .debug_macro   0x000116d9       0x57 HAL_Driver/Src/stm32f1xx_hal.o
 .debug_macro   0x00011730      0x5c2 HAL_Driver/Src/stm32f1xx_hal.o
 .debug_macro   0x00011cf2      0x28a HAL_Driver/Src/stm32f1xx_hal.o
 .debug_macro   0x00011f7c      0x1cb HAL_Driver/Src/stm32f1xx_hal.o
 .debug_macro   0x00012147      0x11e HAL_Driver/Src/stm32f1xx_hal.o
 .debug_macro   0x00012265      0x1b3 HAL_Driver/Src/stm32f1xx_hal.o
 .debug_macro   0x00012418       0x27 HAL_Driver/Src/stm32f1xx_hal.o
 .debug_macro   0x0001243f      0x1bc HAL_Driver/Src/stm32f1xx_hal.o
 .debug_macro   0x000125fb       0x34 HAL_Driver/Src/stm32f1xx_hal.o
 .debug_macro   0x0001262f       0x3c HAL_Driver/Src/stm32f1xx_hal.o
 .debug_macro   0x0001266b      0x3a6 HAL_Driver/Src/stm32f1xx_hal.o
 .debug_macro   0x00012a11       0x10 HAL_Driver/Src/stm32f1xx_hal.o
 .debug_macro   0x00012a21       0x74 HAL_Driver/Src/stm32f1xx_hal.o
 .debug_macro   0x00012a95       0x57 HAL_Driver/Src/stm32f1xx_hal.o
 .debug_macro   0x00012aec      0x46a HAL_Driver/Src/stm32f1xx_hal.o
 .debug_macro   0x00012f56      0x1b5 HAL_Driver/Src/stm32f1xx_hal.o
 .debug_macro   0x0001310b       0x22 HAL_Driver/Src/stm32f1xx_hal.o
 .debug_macro   0x0001312d       0x8c HAL_Driver/Src/stm32f1xx_hal.o
 .debug_macro   0x000131b9      0x242 HAL_Driver/Src/stm32f1xx_hal.o
 .debug_macro   0x000133fb      0x264 HAL_Driver/Src/stm32f1xx_hal.o
 .debug_macro   0x0001365f       0x79 HAL_Driver/Src/stm32f1xx_hal.o
 .debug_macro   0x000136d8      0x143 HAL_Driver/Src/stm32f1xx_hal.o
 .debug_macro   0x0001381b      0x1ef HAL_Driver/Src/stm32f1xx_hal.o
 .debug_macro   0x00013a0a       0xf2 HAL_Driver/Src/stm32f1xx_hal.o
 .debug_macro   0x00013afc      0x1f4 HAL_Driver/Src/stm32f1xx_hal.o
 .debug_macro   0x00013cf0      0x84c HAL_Driver/Src/stm32f1xx_hal.o
 .debug_macro   0x0001453c       0x1f HAL_Driver/Src/stm32f1xx_hal.o
 .debug_macro   0x0001455b      0x26b HAL_Driver/Src/stm32f1xx_hal.o
 .debug_macro   0x000147c6      0x217 HAL_Driver/Src/stm32f1xx_hal.o
 .debug_macro   0x000149dd      0x1a7 HAL_Driver/Src/stm32f1xx_hal.o
 .debug_macro   0x00014b84      0x2cd HAL_Driver/Src/stm32f1xx_hal.o
 .debug_macro   0x00014e51       0x89 HAL_Driver/Src/stm32f1xx_hal.o
 .debug_macro   0x00014eda       0x50 HAL_Driver/Src/stm32f1xx_hal.o
 .debug_macro   0x00014f2a      0x26c HAL_Driver/Src/stm32f1xx_hal.o
 .debug_macro   0x00015196       0x83 HAL_Driver/Src/stm32f1xx_hal.o
 .debug_macro   0x00015219      0x42e HAL_Driver/Src/stm32f1xx_hal_adc.o
 .debug_macro   0x00015647      0x423 HAL_Driver/Src/stm32f1xx_hal_adc_ex.o
 .debug_macro   0x00015a6a      0x411 HAL_Driver/Src/stm32f1xx_hal_cortex.o
 .debug_macro   0x00015e7b      0x411 HAL_Driver/Src/stm32f1xx_hal_dma.o
 .debug_macro   0x0001628c      0x481 HAL_Driver/Src/stm32f1xx_hal_gpio.o
 .debug_macro   0x0001670d      0x411 HAL_Driver/Src/stm32f1xx_hal_msp_template.o
 .debug_macro   0x00016b1e      0x423 HAL_Driver/Src/stm32f1xx_hal_rcc.o
 .debug_macro   0x00016f41      0x411 HAL_Driver/Src/stm32f1xx_hal_rcc_ex.o
 .debug_macro   0x00017352      0x412 HAL_Driver/Src/stm32f1xx_hal_uart.o
 .debug_macro   0x00017764      0x424 src/adc.o
 .debug_macro   0x00017b88       0x10 src/adc.o
 .debug_macro   0x00017b98      0x41a src/clocks.o
 .debug_macro   0x00017fb2      0x411 src/dma.o
 .debug_macro   0x000183c3      0x41a src/errors.o
 .debug_macro   0x000187dd      0x4cc src/main.o
 .debug_macro   0x00018ca9       0x16 src/main.o
 .debug_macro   0x00018cbf       0x35 src/main.o
 .debug_macro   0x00018cf4       0x16 src/main.o
 .debug_macro   0x00018d0a       0x16 src/main.o
 .debug_macro   0x00018d20       0x29 src/main.o
 .debug_macro   0x00018d49      0x1e1 src/main.o
 .debug_macro   0x00018f2a      0x41b src/stm32f1xx_it.o
 .debug_macro   0x00019345      0x417 src/system_stm32f1xx.o
 .debug_macro   0x0001975c      0x43f src/uart.o
 .debug_macro   0x00019b9b       0x10 src/uart.o

.debug_line     0x00000000     0xc8c1
 .debug_line    0x00000000      0xae0 HAL_Driver/Src/stm32f1xx_hal.o
 .debug_line    0x00000ae0      0xe51 HAL_Driver/Src/stm32f1xx_hal_adc.o
 .debug_line    0x00001931      0xc99 HAL_Driver/Src/stm32f1xx_hal_adc_ex.o
 .debug_line    0x000025ca      0xbce HAL_Driver/Src/stm32f1xx_hal_cortex.o
 .debug_line    0x00003198      0xd66 HAL_Driver/Src/stm32f1xx_hal_dma.o
 .debug_line    0x00003efe      0xb18 HAL_Driver/Src/stm32f1xx_hal_gpio.o
 .debug_line    0x00004a16      0x972 HAL_Driver/Src/stm32f1xx_hal_msp_template.o
 .debug_line    0x00005388      0xbc6 HAL_Driver/Src/stm32f1xx_hal_rcc.o
 .debug_line    0x00005f4e      0x9e0 HAL_Driver/Src/stm32f1xx_hal_rcc_ex.o
 .debug_line    0x0000692e     0x11f1 HAL_Driver/Src/stm32f1xx_hal_uart.o
 .debug_line    0x00007b1f      0x9a1 src/adc.o
 .debug_line    0x000084c0      0x96b src/clocks.o
 .debug_line    0x00008e2b      0x91b src/dma.o
 .debug_line    0x00009746      0x990 src/errors.o
 .debug_line    0x0000a0d6      0xafa src/main.o
 .debug_line    0x0000abd0      0x964 src/stm32f1xx_it.o
 .debug_line    0x0000b534      0x968 src/system_stm32f1xx.o
 .debug_line    0x0000be9c      0x9a9 src/uart.o
 .debug_line    0x0000c845       0x7c startup/startup_stm32.o

.debug_str      0x00000000    0x83f23
 .debug_str     0x00000000    0x8156b HAL_Driver/Src/stm32f1xx_hal.o
                              0x818fd (size before relaxing)
 .debug_str     0x0008156b      0x610 HAL_Driver/Src/stm32f1xx_hal_adc.o
                              0x81880 (size before relaxing)
 .debug_str     0x00081b7b      0x2e9 HAL_Driver/Src/stm32f1xx_hal_adc_ex.o
                              0x81835 (size before relaxing)
 .debug_str     0x00081e64      0x314 HAL_Driver/Src/stm32f1xx_hal_cortex.o
                              0x81897 (size before relaxing)
 .debug_str     0x00082178      0x22d HAL_Driver/Src/stm32f1xx_hal_dma.o
                              0x815ef (size before relaxing)
 .debug_str     0x000823a5      0x399 HAL_Driver/Src/stm32f1xx_hal_gpio.o
                              0x815de (size before relaxing)
 .debug_str     0x0008273e       0x51 HAL_Driver/Src/stm32f1xx_hal_msp_template.o
                              0x811fa (size before relaxing)
 .debug_str     0x0008278f      0x356 HAL_Driver/Src/stm32f1xx_hal_rcc.o
                              0x8160c (size before relaxing)
 .debug_str     0x00082ae5      0x119 HAL_Driver/Src/stm32f1xx_hal_rcc_ex.o
                              0x8139e (size before relaxing)
 .debug_str     0x00082bfe      0x6ca HAL_Driver/Src/stm32f1xx_hal_uart.o
                              0x81ae6 (size before relaxing)
 .debug_str     0x000832c8       0xa2 src/adc.o
                              0x815ff (size before relaxing)
 .debug_str     0x0008336a       0x22 src/clocks.o
                              0x81676 (size before relaxing)
 .debug_str     0x0008338c       0x15 src/dma.o
                              0x813ca (size before relaxing)
 .debug_str     0x000833a1       0x21 src/errors.o
                              0x812b5 (size before relaxing)
 .debug_str     0x000833c2      0xa67 src/main.o
                              0x82173 (size before relaxing)
 .debug_str     0x00083e29       0x38 src/stm32f1xx_it.o
                              0x811c7 (size before relaxing)
 .debug_str     0x00083e61       0x69 src/system_stm32f1xx.o
                              0x8129b (size before relaxing)
 .debug_str     0x00083eca       0x2f src/uart.o
                              0x8165b (size before relaxing)
 .debug_str     0x00083ef9       0x2a startup/startup_stm32.o
                                 0x57 (size before relaxing)

.comment        0x00000000       0x7e
 .comment       0x00000000       0x7e HAL_Driver/Src/stm32f1xx_hal.o
                                 0x7f (size before relaxing)
 .comment       0x0000007e       0x7f HAL_Driver/Src/stm32f1xx_hal_adc.o
 .comment       0x0000007e       0x7f HAL_Driver/Src/stm32f1xx_hal_adc_ex.o
 .comment       0x0000007e       0x7f HAL_Driver/Src/stm32f1xx_hal_cortex.o
 .comment       0x0000007e       0x7f HAL_Driver/Src/stm32f1xx_hal_dma.o
 .comment       0x0000007e       0x7f HAL_Driver/Src/stm32f1xx_hal_gpio.o
 .comment       0x0000007e       0x7f HAL_Driver/Src/stm32f1xx_hal_msp_template.o
 .comment       0x0000007e       0x7f HAL_Driver/Src/stm32f1xx_hal_rcc.o
 .comment       0x0000007e       0x7f HAL_Driver/Src/stm32f1xx_hal_rcc_ex.o
 .comment       0x0000007e       0x7f HAL_Driver/Src/stm32f1xx_hal_uart.o
 .comment       0x0000007e       0x7f src/adc.o
 .comment       0x0000007e       0x7f src/clocks.o
 .comment       0x0000007e       0x7f src/dma.o
 .comment       0x0000007e       0x7f src/errors.o
 .comment       0x0000007e       0x7f src/main.o
 .comment       0x0000007e       0x7f src/stm32f1xx_it.o
 .comment       0x0000007e       0x7f src/system_stm32f1xx.o
 .comment       0x0000007e       0x7f src/uart.o

.debug_frame    0x00000000     0x2130
 .debug_frame   0x00000000      0x2fc HAL_Driver/Src/stm32f1xx_hal.o
 .debug_frame   0x000002fc      0x40c HAL_Driver/Src/stm32f1xx_hal_adc.o
 .debug_frame   0x00000708      0x204 HAL_Driver/Src/stm32f1xx_hal_adc_ex.o
 .debug_frame   0x0000090c      0x428 HAL_Driver/Src/stm32f1xx_hal_cortex.o
 .debug_frame   0x00000d34      0x208 HAL_Driver/Src/stm32f1xx_hal_dma.o
 .debug_frame   0x00000f3c      0x14c HAL_Driver/Src/stm32f1xx_hal_gpio.o
 .debug_frame   0x00001088       0x90 HAL_Driver/Src/stm32f1xx_hal_msp_template.o
 .debug_frame   0x00001118      0x21c HAL_Driver/Src/stm32f1xx_hal_rcc.o
 .debug_frame   0x00001334       0x84 HAL_Driver/Src/stm32f1xx_hal_rcc_ex.o
 .debug_frame   0x000013b8      0x83c HAL_Driver/Src/stm32f1xx_hal_uart.o
 .debug_frame   0x00001bf4       0x74 src/adc.o
 .debug_frame   0x00001c68       0x34 src/clocks.o
 .debug_frame   0x00001c9c       0x38 src/dma.o
 .debug_frame   0x00001cd4       0x30 src/errors.o
 .debug_frame   0x00001d04       0xc8 src/main.o
 .debug_frame   0x00001dcc       0x2c src/stm32f1xx_it.o
 .debug_frame   0x00001df8       0x58 src/system_stm32f1xx.o
 .debug_frame   0x00001e50       0x58 src/uart.o
 .debug_frame   0x00001ea8       0x4c c:/ac6/systemworkbench/plugins/fr.ac6.mcu.externaltools.arm-none.win32_1.16.0.201807130628/tools/compiler/bin/../lib/gcc/arm-none-eabi/7.2.1/thumb/v7-m\libgcc.a(_arm_addsubsf3.o)
 .debug_frame   0x00001ef4       0x38 c:/ac6/systemworkbench/plugins/fr.ac6.mcu.externaltools.arm-none.win32_1.16.0.201807130628/tools/compiler/bin/../lib/gcc/arm-none-eabi/7.2.1/thumb/v7-m\libgcc.a(_arm_muldivsf3.o)
 .debug_frame   0x00001f2c       0x24 c:/ac6/systemworkbench/plugins/fr.ac6.mcu.externaltools.arm-none.win32_1.16.0.201807130628/tools/compiler/bin/../lib/gcc/arm-none-eabi/7.2.1/thumb/v7-m\libgcc.a(_arm_fixsfsi.o)
 .debug_frame   0x00001f50       0x2c c:/ac6/systemworkbench/plugins/fr.ac6.mcu.externaltools.arm-none.win32_1.16.0.201807130628/tools/compiler/bin/../lib/gcc/arm-none-eabi/7.2.1/../../../../arm-none-eabi/lib/thumb/v7-m\libc.a(lib_a-init.o)
 .debug_frame   0x00001f7c       0x20 c:/ac6/systemworkbench/plugins/fr.ac6.mcu.externaltools.arm-none.win32_1.16.0.201807130628/tools/compiler/bin/../lib/gcc/arm-none-eabi/7.2.1/../../../../arm-none-eabi/lib/thumb/v7-m\libc.a(lib_a-strlen-stub.o)
 .debug_frame   0x00001f9c       0x5c c:/ac6/systemworkbench/plugins/fr.ac6.mcu.externaltools.arm-none.win32_1.16.0.201807130628/tools/compiler/bin/../lib/gcc/arm-none-eabi/7.2.1/../../../../arm-none-eabi/lib/thumb/v7-m\libc.a(lib_a-__call_atexit.o)
 .debug_frame   0x00001ff8       0x20 c:/ac6/systemworkbench/plugins/fr.ac6.mcu.externaltools.arm-none.win32_1.16.0.201807130628/tools/compiler/bin/../lib/gcc/arm-none-eabi/7.2.1/../../../../arm-none-eabi/lib/thumb/v7-m\libc.a(lib_a-atexit.o)
 .debug_frame   0x00002018       0x34 c:/ac6/systemworkbench/plugins/fr.ac6.mcu.externaltools.arm-none.win32_1.16.0.201807130628/tools/compiler/bin/../lib/gcc/arm-none-eabi/7.2.1/../../../../arm-none-eabi/lib/thumb/v7-m\libc.a(lib_a-fini.o)
 .debug_frame   0x0000204c       0xb0 c:/ac6/systemworkbench/plugins/fr.ac6.mcu.externaltools.arm-none.win32_1.16.0.201807130628/tools/compiler/bin/../lib/gcc/arm-none-eabi/7.2.1/../../../../arm-none-eabi/lib/thumb/v7-m\libc.a(lib_a-lock.o)
 .debug_frame   0x000020fc       0x34 c:/ac6/systemworkbench/plugins/fr.ac6.mcu.externaltools.arm-none.win32_1.16.0.201807130628/tools/compiler/bin/../lib/gcc/arm-none-eabi/7.2.1/../../../../arm-none-eabi/lib/thumb/v7-m\libc.a(lib_a-__atexit.o)
